src/app/templates/page.tsx(145,23): error TS2322: Type 'Dispatch<SetStateAction<Partial<Template> | null>>' is not assignable to type 'Dispatch<SetStateAction<Template | null>>'.
  Type 'SetStateAction<Template | null>' is not assignable to type 'SetStateAction<Partial<Template> | null>'.
    Type '(prevState: Template | null) => Template | null' is not assignable to type 'SetStateAction<Partial<Template> | null>'.
      Type '(prevState: Template | null) => Template | null' is not assignable to type '(prevState: Partial<Template> | null) => Partial<Template> | null'.
        Types of parameters 'prevState' and 'prevState' are incompatible.
          Type 'Partial<Template> | null' is not assignable to type 'Template | null'.
            Type 'Partial<Template>' is not assignable to type 'Template'.
              Types of property 'id' are incompatible.
                Type 'string | undefined' is not assignable to type 'string'.
                  Type 'undefined' is not assignable to type 'string'.
src/app/templates/page.tsx(150,9): error TS2322: Type 'Partial<Template> | null' is not assignable to type 'Template | null'.
  Type 'Partial<Template>' is not assignable to type 'Template'.
    Types of property 'id' are incompatible.
      Type 'string | undefined' is not assignable to type 'string'.
        Type 'undefined' is not assignable to type 'string'.
src/app/templates/page.tsx(150,23): error TS2322: Type 'Dispatch<SetStateAction<Partial<Template> | null>>' is not assignable to type 'Dispatch<SetStateAction<Template | null>>'.
  Type 'SetStateAction<Template | null>' is not assignable to type 'SetStateAction<Partial<Template> | null>'.
    Type '(prevState: Template | null) => Template | null' is not assignable to type 'SetStateAction<Partial<Template> | null>'.
      Type '(prevState: Template | null) => Template | null' is not assignable to type '(prevState: Partial<Template> | null) => Partial<Template> | null'.
        Types of parameters 'prevState' and 'prevState' are incompatible.
          Type 'Partial<Template> | null' is not assignable to type 'Template | null'.
            Type 'Partial<Template>' is not assignable to type 'Template'.
              Types of property 'id' are incompatible.
                Type 'string | undefined' is not assignable to type 'string'.
                  Type 'undefined' is not assignable to type 'string'.
